/*C1*/SET SCHEMA SYSTEM_LOBS
INSERT INTO BLOCKS VALUES(0,2147483647,0)
COMMIT
/*C2*/SET SCHEMA PUBLIC
DROP SCHEMA IF EXISTS vertx CASCADE
CREATE SCHEMA VERTX AUTHORIZATION "test"
SET SCHEMA VERTX
SET SCHEMA vertx
\u000aCREATE TABLE something (\u000a  someId INTEGER IDENTITY PRIMARY KEY,\u000a  someString varchar(45),\u000a  someHugeNumber bigint ,\u000a  someSmallNumber smallint ,\u000a  someRegularNumber int ,\u000a  someBoolean boolean default false not null,\u000a  someDouble double ,\u000a  someJsonObject varchar(45) ,\u000a  someJsonArray varchar(45), \u000a  someTimestamp timestamp(2) \u000a)
\u000aCREATE TABLE somethingComposite (\u000a  someId INTEGER,\u000a  someSecondId INTEGER,\u000a  someJsonObject varchar(45), PRIMARY KEY (someId,someSecondId)\u000a)
DISCONNECT
/*C3*/SET SCHEMA VERTX
INSERT INTO SOMETHING VALUES(0,'my_string',3020972717290487418,24556,2038881633,TRUE,0.45745542170292275E0,'{"key":"value"}','[1,2,3]','2022-01-04 10:24:31.52')
COMMIT
